
playbook: ansible/provision.yaml

  play #1 (localhost): Provision system.	TAGS: []
    tasks:
      Check if 'os_family' is supported.	TAGS: [always, os_family]
