Test 004 - # Check docker installation steps


playbook: ansible/provision.yaml

  play #1 (localhost): Provision system	TAGS: []
    tasks:
      Check if 'os_family' is supported	TAGS: [always, os_family]
      Check system_user exists	TAGS: [always, user]
      Check configured dpkg architectures	TAGS: [always, apt]
      Configure i386 as a valid architecture	TAGS: [always, apt]
      Update apt-cache	TAGS: [always, apt, cache]
      Ensure SSH directory exists	TAGS: [always, ssh]
      Install packages from default repositories	TAGS: [always, apt, install]
      Create keyrings directory	TAGS: [always, apt, keyring]
      Install Docker keyring	TAGS: [docker, keyring]
      Setup Docker source	TAGS: [apt, docker, source]
      Install Docker	TAGS: [apt, docker]
      Add user to the Docker group	TAGS: [apt, docker, user]
