Test 005 - # Check keyring installation order


playbook: ansible/provision.yaml

  play #1 (localhost): Provision system	TAGS: []
    tasks:
      Check if 'os_family' is supported	TAGS: [always, os_family]
      Update apt-cache	TAGS: [always, apt, cache]
      Install packages from default repositories	TAGS: [always, apt, install]
      Create keyrings directory	TAGS: [always, apt, keyring]
      Install Docker keyring	TAGS: [docker, keyring]
