Test 007 - # Check Codium installation steps


playbook: ansible/provision.yaml

  play #1 (localhost): Provision system	TAGS: []
    tasks:
      Check if 'os_family' is supported	TAGS: [always, os_family]
      Check system_user exists	TAGS: [always, user]
      Check configured dpkg architectures	TAGS: [always, apt]
      Configure i386 as a valid architecture	TAGS: [always, apt]
      Update apt-cache	TAGS: [always, apt, cache]
      Install packages from default repositories	TAGS: [always, apt, install]
      Create keyrings directory	TAGS: [always, apt, keyring]
      Install Codium keyring	TAGS: [codium, keyring]
      Setup Codium source	TAGS: [apt, codium, source]
      Install Codium	TAGS: [apt, codium]
      Ensure Codium config directory tree is present	TAGS: [codium, settings]
      Install Codium settings	TAGS: [codium, settings]
      Install Codium keybindings	TAGS: [codium, settings]
      Determine installed Codium extensions	TAGS: [codium, extensions]
      Determine Codium extensions to install	TAGS: [codium, extensions]
      Install required Codium extensions	TAGS: [codium, extensions]
