Test 008 - # Check Codium extension steps


playbook: ansible/provision.yaml

  play #1 (localhost): Provision system	TAGS: []
    tasks:
      Check if 'os_family' is supported	TAGS: [always, os_family]
      Update apt-cache	TAGS: [always, apt, cache]
      Install packages from default repositories	TAGS: [always, apt, install]
      Create keyrings directory	TAGS: [always, apt, keyring]
      Determine installed Codium extensions	TAGS: [codium, extensions]
      Determine Codium extensions to install	TAGS: [codium, extensions]
      Install required Codium extensions	TAGS: [codium, extensions]
