Test 009 - # Check Codium settings steps


playbook: ansible/provision.yaml

  play #1 (localhost): Provision system	TAGS: []
    tasks:
      Check if 'os_family' is supported	TAGS: [always, os_family]
      Check configured dpkg architectures	TAGS: [always, apt]
      Configure i386 as a valid architecture	TAGS: [always, apt]
      Update apt-cache	TAGS: [always, apt, cache]
      Install packages from default repositories	TAGS: [always, apt, install]
      Create keyrings directory	TAGS: [always, apt, keyring]
      Ensure Codium config directory tree is present	TAGS: [codium, settings]
      Install Codium settings	TAGS: [codium, settings]
      Install Codium keybindings	TAGS: [codium, settings]
