Test 013 - # Check configuration order for Steam


playbook: ansible/provision.yaml

  play #1 (localhost): Provision system	TAGS: []
    tasks:
      Check if 'os_family' is supported	TAGS: [always, os_family]
      Check system_user exists	TAGS: [always, user]
      Check configured dpkg architectures	TAGS: [always, apt]
      Configure i386 as a valid architecture	TAGS: [always, apt]
      Update apt-cache	TAGS: [always, apt, cache]
      Install packages from default repositories	TAGS: [always, apt, install]
      Install Vulkan/32-bit dependencies	TAGS: [apt, steam, vulkan]
      Install Steam	TAGS: [apt, steam]
