Test 015 - # Check gnome configuration order.


playbook: ansible/provision.yaml

  play #1 (localhost): Provision system	TAGS: []
    tasks:
      Check if 'os_family' is supported	TAGS: [always, os_family]
      Check system_user exists	TAGS: [always, user]
      Check if using gnome	TAGS: [apt, gnome]
      Set up Dashboard favorites	TAGS: [apt, gnome]
