Test 016 - # Check SSH configuration order.


playbook: ansible/provision.yaml

  play #1 (localhost): Provision system	TAGS: []
    tasks:
      Check if 'os_family' is supported	TAGS: [always, os_family]
      Check system_user exists	TAGS: [always, user]
      Check configured dpkg architectures	TAGS: [always, apt]
      Configure i386 as a valid architecture	TAGS: [always, apt]
      Update apt-cache	TAGS: [always, apt, cache]
      keys : Ensure ssh directory exists	TAGS: [keys]
      keys : Deploy Public	TAGS: [keys]
      keys : Deploy Private	TAGS: [keys]
      Install packages from default repositories	TAGS: [always, apt, install]
      Create keyrings directory	TAGS: [always, apt, keyring]
