Test 018 - # Check configuration order for Unity.


playbook: ansible/provision.yaml

  play #1 (localhost): Provision system	TAGS: []
    tasks:
      Gather installed package lists.	TAGS: [unity]
      unity : Ensure keyring directory exists	TAGS: [unity]
      unity : Install Unity keyring	TAGS: [unity]
      unity : Setup Unity source	TAGS: [unity]
      unity : Install Unity	TAGS: [unity]
