Test 019 - # Check configuration order for Discord.


playbook: ansible/provision.yaml

  play #1 (localhost): Provision system	TAGS: []
    tasks:
      Gather installed package lists.	TAGS: [discord]
      discord : Install Discord dependencies	TAGS: [discord]
      discord : Download Discord .deb	TAGS: [discord]
      discord : Install Discord .deb	TAGS: [discord]
      discord : Remove Discord installation .deb	TAGS: [discord]
