Test 020 - # Check configuration order for Flatpak.


playbook: ansible/provision.yaml

  play #1 (localhost): Provision system	TAGS: []
    tasks:
      Gather installed package lists.	TAGS: [flatpak]
      flatpak : Install Flatpak	TAGS: [flatpak]
      Refresh installed package lists.	TAGS: [flatpak]
      flatpak : Add Flatpak remote	TAGS: [flatpak]
      flatpak : Check current Flatpak packages	TAGS: [flatpak]
      flatpak : Install system Flatpak packages as required	TAGS: [flatpak]
